Starting project at C:\Users\rrudnicki\OneDrive - Grodno S.A\Dokumenty\Aplikacja\mobile
Error: Cannot find module '@react-native/debugger-frontend'
Require stack:
- C:\Users\rrudnicki\OneDrive - Grodno S.A\Dokumenty\Aplikacja\mobile\node_modules\@react-native\dev-middleware\dist\createDevMiddleware.js
- C:\Users\rrudnicki\OneDrive - Grodno S.A\Dokumenty\Aplikacja\mobile\node_modules\@react-native\dev-middleware\dist\index.js
- C:\Users\rrudnicki\OneDrive - Grodno S.A\Dokumenty\Aplikacja\mobile\node_modules\expo\node_modules\@expo\cli\build\src\start\server\metro\debugging\createDebugMiddleware.js
- C:\Users\rrudnicki\OneDrive - Grodno S.A\Dokumenty\Aplikacja\mobile\node_modules\expo\node_modules\@expo\cli\build\src\start\server\metro\instantiateMetro.js
- C:\Users\rrudnicki\OneDrive - Grodno S.A\Dokumenty\Aplikacja\mobile\node_modules\expo\node_modules\@expo\cli\build\src\start\server\metro\MetroBundlerDevServer.js
- C:\Users\rrudnicki\OneDrive - Grodno S.A\Dokumenty\Aplikacja\mobile\node_modules\expo\node_modules\@expo\cli\build\src\start\server\DevServerManager.js
- C:\Users\rrudnicki\OneDrive - Grodno S.A\Dokumenty\Aplikacja\mobile\node_modules\expo\node_modules\@expo\cli\build\src\start\startAsync.js
- C:\Users\rrudnicki\OneDrive - Grodno S.A\Dokumenty\Aplikacja\mobile\node_modules\expo\node_modules\@expo\cli\build\src\start\index.js
- C:\Users\rrudnicki\OneDrive - Grodno S.A\Dokumenty\Aplikacja\mobile\node_modules\expo\node_modules\@expo\cli\build\bin\cli
- C:\Users\rrudnicki\OneDrive - Grodno S.A\Dokumenty\Aplikacja\mobile\node_modules\expo\bin\cli
Error: Cannot find module '@react-native/debugger-frontend'
Require stack:
- C:\Users\rrudnicki\OneDrive - Grodno S.A\Dokumenty\Aplikacja\mobile\node_modules\@react-native\dev-middleware\dist\createDevMiddleware.js
- C:\Users\rrudnicki\OneDrive - Grodno S.A\Dokumenty\Aplikacja\mobile\node_modules\@react-native\dev-middleware\dist\index.js
- C:\Users\rrudnicki\OneDrive - Grodno S.A\Dokumenty\Aplikacja\mobile\node_modules\expo\node_modules\@expo\cli\build\src\start\server\metro\debugging\createDebugMiddleware.js
- C:\Users\rrudnicki\OneDrive - Grodno S.A\Dokumenty\Aplikacja\mobile\node_modules\expo\node_modules\@expo\cli\build\src\start\server\metro\instantiateMetro.js
- C:\Users\rrudnicki\OneDrive - Grodno S.A\Dokumenty\Aplikacja\mobile\node_modules\expo\node_modules\@expo\cli\build\src\start\server\metro\MetroBundlerDevServer.js
- C:\Users\rrudnicki\OneDrive - Grodno S.A\Dokumenty\Aplikacja\mobile\node_modules\expo\node_modules\@expo\cli\build\src\start\server\DevServerManager.js
- C:\Users\rrudnicki\OneDrive - Grodno S.A\Dokumenty\Aplikacja\mobile\node_modules\expo\node_modules\@expo\cli\build\src\start\startAsync.js
- C:\Users\rrudnicki\OneDrive - Grodno S.A\Dokumenty\Aplikacja\mobile\node_modules\expo\node_modules\@expo\cli\build\src\start\index.js
- C:\Users\rrudnicki\OneDrive - Grodno S.A\Dokumenty\Aplikacja\mobile\node_modules\expo\node_modules\@expo\cli\build\bin\cli
- C:\Users\rrudnicki\OneDrive - Grodno S.A\Dokumenty\Aplikacja\mobile\node_modules\expo\bin\cli
    at Module._resolveFilename (node:internal/modules/cjs/loader:1421:15)
    at defaultResolveImpl (node:internal/modules/cjs/loader:1059:19)
    at resolveForCJSWithHooks (node:internal/modules/cjs/loader:1064:22)
    at Module._load (node:internal/modules/cjs/loader:1227:37)
    at TracingChannel.traceSync (node:diagnostics_channel:328:14)
    at wrapModuleLoad (node:internal/modules/cjs/loader:245:24)
    at Module.require (node:internal/modules/cjs/loader:1504:12)
    at require (node:internal/modules/helpers:152:16)
    at Object.<anonymous> (C:\Users\rrudnicki\OneDrive - Grodno S.A\Dokumenty\Aplikacja\mobile\node_modules\@react-native\dev-middleware\dist\createDevMiddleware.js:17:3)
    at Module._compile (node:internal/modules/cjs/loader:1761:14)
