src/context/ThemeContext.tsx(19,69): error TS2345: Argument of type 'ColorSchemeName | null | undefined' is not assignable to parameter of type 'ColorSchemeName | (() => ColorSchemeName)'.
  Type 'undefined' is not assignable to type 'ColorSchemeName | (() => ColorSchemeName)'.
src/navigation/AppNavigator.tsx(52,41): error TS2322: Type '({ navigation }: Props) => Element' is not assignable to type 'ScreenComponentType<ParamListBase, "Settings"> | undefined'.
  Type '({ navigation }: Props) => Element' is not assignable to type 'FunctionComponent<{}>'.
    Types of parameters '__0' and 'props' are incompatible.
      Type '{}' is missing the following properties from type 'Props': navigation, route
src/navigation/AppNavigator.tsx(53,43): error TS2322: Type '({ route }: Props) => Element' is not assignable to type 'ScreenComponentType<ParamListBase, "WeekDetail"> | undefined'.
  Type '({ route }: Props) => Element' is not assignable to type 'FunctionComponent<{}>'.
    Types of parameters '__0' and 'props' are incompatible.
      Property 'route' is missing in type '{}' but required in type 'Props'.
src/navigation/AppNavigator.tsx(91,19): error TS2322: Type '"WeekDetailTab"' is not assignable to type '"WeekDetail"'.
src/navigation/AppNavigator.tsx(91,40): error TS2322: Type '({ route }: Props) => Element' is not assignable to type 'ScreenComponentType<ParamListBase, "WeekDetail"> | undefined'.
  Type '({ route }: Props) => Element' is not assignable to type 'FunctionComponent<{}>'.
    Types of parameters '__0' and 'props' are incompatible.
      Property 'route' is missing in type '{}' but required in type 'Props'.
src/navigation/AppNavigator.tsx(133,42): error TS2322: Type '({ navigation }: Props) => Element' is not assignable to type 'ScreenComponentType<ParamListBase, "Login"> | undefined'.
  Type '({ navigation }: Props) => Element' is not assignable to type 'FunctionComponent<{}>'.
    Types of parameters '__0' and 'props' are incompatible.
      Type '{}' is missing the following properties from type 'Props': navigation, route
src/navigation/AppNavigator.tsx(134,45): error TS2322: Type '({ navigation }: Props) => Element' is not assignable to type 'ScreenComponentType<ParamListBase, "Register"> | undefined'.
  Type '({ navigation }: Props) => Element' is not assignable to type 'FunctionComponent<{}>'.
    Types of parameters '__0' and 'props' are incompatible.
      Type '{}' is missing the following properties from type 'Props': navigation, route
src/screens/DadModuleScreen.tsx(183,85): error TS2322: Type '{ name: string; size: number; color: string; style: { marginVertical: number; }; }' is not assignable to type 'IntrinsicAttributes & IconProps'.
  Property 'style' does not exist on type 'IntrinsicAttributes & IconProps'.
src/screens/FourthTrimesterScreen.tsx(97,22): error TS2339: Property 'warning_signs' does not exist on type 'FourthTrimesterWeek'.
src/screens/FourthTrimesterScreen.tsx(100,54): error TS2339: Property 'warning_signs' does not exist on type 'FourthTrimesterWeek'.
